---
source: renamify-core/tests/preview_snapshots.rs
expression: normalized
---
+-----------------------+------------------+-----------+-------------------------+
| File                  | Kind             | Matches   | Variants                |
+================================================================================+
| README.md             | Content          | 1         | oldtool (1)             |
|-----------------------+------------------+-----------+-------------------------|
| /project/oldtool-core | Dir              |           | → /project/newtool-core |
|-----------------------+------------------+-----------+-------------------------|
| ─────────             | ─────────        | ───────── | ─────────               |
|-----------------------+------------------+-----------+-------------------------|
| TOTALS                | 1 files, 1 paths | 1         | 1 variants              |
+-----------------------+------------------+-----------+-------------------------+
