---
source: refaktor-core/tests/preview_snapshots.rs
assertion_line: 120
expression: output
---
[1;36m--- src/api/handlers.rs
+++ src/api/handlers.rs
[0m[34m@@ line 42 @@
[0m[31m-struct UserName {
[0m[32m+struct CustomerName {
[0m
[34m@@ line 50 @@
[0m[31m-    fn get_user_name(&self) -> &str {
[0m[32m+    fn get_customer_name(&self) -> &str {
[0m
[1;36m--- src/models/user.rs
+++ src/models/user.rs
[0m[34m@@ line 15 @@
[0m[31m-    let user_name = String::new();
[0m[32m+    let customer_name = String::new();
[0m
[34m@@ line 25 @@
[0m[31m-    pub userName: String,
[0m[32m+    pub customerName: String,
[0m

[1;36m=== RENAMES ===[0m
[33mfile[0m [31msrc/models/user_name.rs[0m [37mâ†’[0m [32msrc/models/customer_name.rs[0m
[33mdir[0m [31mtests/user_name_tests[0m [37mâ†’[0m [32mtests/customer_name_tests[0m
