---
source: refaktor-core/tests/preview_snapshots.rs
expression: output
---
+-------------------------+--------------------+-----------+-------------------------------+
|[38;5;14m File                    [39m|[38;5;14m Kind               [39m|[38;5;14m Matches   [39m|[38;5;14m Variants                      [39m|
+==========================================================================================+
| src/api/handlers.rs     |[38;5;10m Content            [39m|[38;5;11m 2         [39m| UserName (1), user_name (1)   |
|-------------------------+--------------------+-----------+-------------------------------|
| src/models/user.rs      |[38;5;10m Content            [39m|[38;5;11m 2         [39m| userName (1), user_name (1)   |
|-------------------------+--------------------+-----------+-------------------------------|
| src/models/user_name.rs |[38;5;12m Rename (File)      [39m|           |[38;5;13m â†’ src/models/customer_name.rs [39m|
|-------------------------+--------------------+-----------+-------------------------------|
| tests/user_name_tests   |[38;5;12m Rename (Dir)       [39m|           |[38;5;13m â†’ tests/customer_name_tests   [39m|
|-------------------------+--------------------+-----------+-------------------------------|
|[38;5;8m â”€â”€â”€â”€â”€â”€â”€â”€â”€               [39m|[38;5;8m â”€â”€â”€â”€â”€â”€â”€â”€â”€          [39m|[38;5;8m â”€â”€â”€â”€â”€â”€â”€â”€â”€ [39m|[38;5;8m â”€â”€â”€â”€â”€â”€â”€â”€â”€                     [39m|
|-------------------------+--------------------+-----------+-------------------------------|
|[38;5;14m TOTALS                  [39m|[38;5;15m 2 files, 2 renames [39m|[38;5;11m 6         [39m|[38;5;15m 3 variants                    [39m|
+-------------------------+--------------------+-----------+-------------------------------+
